// Jest Snapshot v1, https://goo.gl/fbAQLP

exports[` 1`] = `
<main
  class="styles__Wrapper-dzx1ao-0 elJNpC"
>
  <img
    alt="Imagem de um átomo e React Avançado escrito ao lado."
    class="styles__Logo-dzx1ao-1 dUetyB"
    src="/img/logo.svg"
  />
  <h1
    class="styles__Title-dzx1ao-2 edokyf"
  >
    React Avançado
  </h1>
  <h2
    class="styles__Description-dzx1ao-3 gfCskk"
  >
    TypeScript.ReactJs,NextJs e Styled Components
  </h2>
  <img
    alt="Um desenvovedor em frente ao computador escrevendo o código"
    class="styles__Illustrator-dzx1ao-4 oGqLY"
    src="/img/hero-illustration.svg"
  />
</main>
`;
